﻿
> portfolio@0.0.0 build
> vite build

[36mvite v7.3.1 [32mbuilding client environment for production...[36m[39m
transforming...
node.exe : DEPRECATION WARNING 
[import]: Sass @import rules are 
deprecated and will be removed in 
Dart Sass 3.0.0.
At C:\Program 
Files\nodejs\npm.ps1:29 char:3
+   & $NODE_EXE $NPM_CLI_JS $args
+   ~~~~~~~~~~~~~~~~~~~~~~~~~~~~~
    + CategoryInfo          : NotSp 
   ecified: (DEPRECATION WAR...art  
   Sass 3.0.0.:String) [], Remote   
 Exception
    + FullyQualifiedErrorId : Nativ 
   eCommandError
 

More info and automated migrator: 
https://sass-lang.com/d/import

  Γò╖
1 Γöé @import './variables';
  Γöé         ^^^^^^^^^^^^^
  Γò╡
    src\styles\global.scss 1:9  
root stylesheet

DEPRECATION WARNING [import]: Sass 
@import rules are deprecated and 
will be removed in Dart Sass 3.0.0.

More info and automated migrator: 
https://sass-lang.com/d/import

  Γò╖
1 Γöé @import '../styles/variables';
  Γöé         ^^^^^^^^^^^^^^^^^^^^^
  Γò╡
    
src\components\Projects.module.scss 
1:9  root stylesheet

DEPRECATION WARNING [import]: Sass 
@import rules are deprecated and 
will be removed in Dart Sass 3.0.0.

More info and automated migrator: 
https://sass-lang.com/d/import

  Γò╖
1 Γöé @import '../styles/variables';
  Γöé         ^^^^^^^^^^^^^^^^^^^^^
  Γò╡
    
src\components\About.module.scss 
1:9  root stylesheet

DEPRECATION WARNING [import]: Sass 
@import rules are deprecated and 
will be removed in Dart Sass 3.0.0.

More info and automated migrator: 
https://sass-lang.com/d/import

  Γò╖
1 Γöé @import '../styles/variables';
  Γöé         ^^^^^^^^^^^^^^^^^^^^^
  Γò╡
    
src\components\Navbar.module.scss 
1:9  root stylesheet

DEPRECATION WARNING [import]: Sass 
@import rules are deprecated and 
will be removed in Dart Sass 3.0.0.

More info and automated migrator: 
https://sass-lang.com/d/import

  Γò╖
1 Γöé @import '../styles/variables';
  Γöé         ^^^^^^^^^^^^^^^^^^^^^
  Γò╡
    src\pages\Blog.module.scss 1:9  
root stylesheet

DEPRECATION WARNING [import]: Sass 
@import rules are deprecated and 
will be removed in Dart Sass 3.0.0.

More info and automated migrator: 
https://sass-lang.com/d/import

  Γò╖
1 Γöé @import '../styles/variables';
  Γöé         ^^^^^^^^^^^^^^^^^^^^^
  Γò╡
    src\components\Hero.module.scss 
1:9  root stylesheet

DEPRECATION WARNING [import]: Sass 
@import rules are deprecated and 
will be removed in Dart Sass 3.0.0.

More info and automated migrator: 
https://sass-lang.com/d/import

  Γò╖
1 Γöé @import '../styles/variables';
  Γöé         ^^^^^^^^^^^^^^^^^^^^^
  Γò╡
    src\components\Experience.module
.scss 1:9  root stylesheet

DEPRECATION WARNING [import]: Sass 
@import rules are deprecated and 
will be removed in Dart Sass 3.0.0.

More info and automated migrator: 
https://sass-lang.com/d/import

  Γò╖
1 Γöé @import '../styles/variables';
  Γöé         ^^^^^^^^^^^^^^^^^^^^^
  Γò╡
    
src\components\Footer.module.scss 
1:9  root stylesheet

DEPRECATION WARNING [import]: Sass 
@import rules are deprecated and 
will be removed in Dart Sass 3.0.0.

More info and automated migrator: 
https://sass-lang.com/d/import

  Γò╖
1 Γöé @import '../styles/variables';
  Γöé         ^^^^^^^^^^^^^^^^^^^^^
  Γò╡
    
src\components\Contact.module.scss 
1:9  root stylesheet

DEPRECATION WARNING [import]: Sass 
@import rules are deprecated and 
will be removed in Dart Sass 3.0.0.

More info and automated migrator: 
https://sass-lang.com/d/import

  Γò╖
1 Γöé @import '../styles/variables';
  Γöé         ^^^^^^^^^^^^^^^^^^^^^
  Γò╡
    src\pages\BlogPost.module.scss 
1:9  root stylesheet

DEPRECATION WARNING [import]: Sass 
@import rules are deprecated and 
will be removed in Dart Sass 3.0.0.

More info and automated migrator: 
https://sass-lang.com/d/import

  Γò╖
1 Γöé @import '../styles/variables';
  Γöé         ^^^^^^^^^^^^^^^^^^^^^
  Γò╡
    
src\pages\ProjectDetail.module.scss 
1:9  root stylesheet

DEPRECATION WARNING [import]: Sass 
@import rules are deprecated and 
will be removed in Dart Sass 3.0.0.

More info and automated migrator: 
https://sass-lang.com/d/import

  Γò╖
1 Γöé @import '../styles/variables';
  Γöé         ^^^^^^^^^^^^^^^^^^^^^
  Γò╡
    src\pages\Admin.module.scss 1:9 
 root stylesheet

DEPRECATION WARNING [import]: Sass 
@import rules are deprecated and 
will be removed in Dart Sass 3.0.0.

More info and automated migrator: 
https://sass-lang.com/d/import

  Γò╖
1 Γöé @import 
'../styles/variables.scss';
  Γöé         
^^^^^^^^^^^^^^^^^^^^^^^^^^
  Γò╡
    src\components\RelatedProjects.m
odule.scss 1:9  root stylesheet

DEPRECATION WARNING [import]: Sass 
@import rules are deprecated and 
will be removed in Dart Sass 3.0.0.

More info and automated migrator: 
https://sass-lang.com/d/import

  Γò╖
1 Γöé @import 
'../styles/variables.scss';
  Γöé         
^^^^^^^^^^^^^^^^^^^^^^^^^^
  Γò╡
    src\components\ProjectCard.modul
e.scss 1:9  root stylesheet

DEPRECATION WARNING [import]: Sass 
@import rules are deprecated and 
will be removed in Dart Sass 3.0.0.

More info and automated migrator: 
https://sass-lang.com/d/import

  Γò╖
1 Γöé @import 
'../styles/variables.scss';
  Γöé         
^^^^^^^^^^^^^^^^^^^^^^^^^^
  Γò╡
    src\components\RelatedArticles.m
odule.scss 1:9  root stylesheet

DEPRECATION WARNING [import]: Sass 
@import rules are deprecated and 
will be removed in Dart Sass 3.0.0.

More info and automated migrator: 
https://sass-lang.com/d/import

  Γò╖
1 Γöé @import '../styles/variables';
  Γöé         ^^^^^^^^^^^^^^^^^^^^^
  Γò╡
    src\components\MarkdownRenderer.
module.scss 1:9  root stylesheet

[32mΓ£ô[39m 3854 modules transformed.
rendering chunks...
computing gzip size...
[2mdist/[22m[32mindex.html                 [39m[1m[2m    0.72 kB[22m[1m[22m[2m Γöé gzip:   0.39 kB[22m
[2mdist/[22m[35massets/index-Co62u7Lb.css  [39m[1m[2m   98.67 kB[22m[1m[22m[2m Γöé gzip:  16.57 kB[22m
[2mdist/[22m[36massets/index-CaFEG3SS.js   [39m[1m[33m2,325.29 kB[39m[22m[2m Γöé gzip: 741.53 kB[22m
[33m
(!) Some chunks are larger than 500 
kB after minification. Consider:
- Using dynamic import() to 
code-split the application
- Use build.rollupOptions.output.man
ualChunks to improve chunking: https
://rollupjs.org/configuration-option
s/#output-manualchunks
- Adjust chunk size limit for this 
warning via 
build.chunkSizeWarningLimit.[39m
[32mΓ£ô built in 17.92s[39m
